// Jest Snapshot v1, https://goo.gl/fbAQLP

exports[`Home Renders 1`] = `
<Provider
  store={
    Object {
      "clearActions": [Function],
      "dispatch": [Function],
      "getActions": [Function],
      "getState": [Function],
      "replaceReducer": [Function],
      "subscribe": [Function],
    }
  }
>
  <ForwardRef(NavigationContainer)>
    <StackNavigator
      initialRouteName="Home"
    >
      <Screen
        component={
          Object {
            "$$typeof": Symbol(react.memo),
            "WrappedComponent": [Function],
            "compare": null,
            "displayName": "Connect(Home)",
            "type": [Function],
          }
        }
        name="Home"
      />
    </StackNavigator>
  </ForwardRef(NavigationContainer)>
</Provider>
`;
