// Jest Snapshot v1, https://goo.gl/fbAQLP

exports[`Settings Renders 1`] = `
<View
  style={
    Object {
      "flex": 1,
    }
  }
>
  <RNCSafeAreaProvider
    onInsetsChange={[Function]}
    style={
      Array [
        Object {
          "flex": 1,
        },
        undefined,
      ]
    }
  >
    <View
      pointerEvents="box-none"
      style={
        Object {
          "zIndex": 1,
        }
      }
    >
      <View
        accessibilityElementsHidden={false}
        importantForAccessibility="auto"
        onLayout={[Function]}
        pointerEvents="box-none"
        style={null}
      >
        <View
          pointerEvents="box-none"
          style={
            Object {
              "bottom": 0,
              "left": 0,
              "opacity": 1,
              "position": "absolute",
              "right": 0,
              "top": 0,
              "zIndex": 0,
            }
          }
        >
          <View
            style={
              Object {
                "backgroundColor": "rgb(255, 255, 255)",
                "borderBottomColor": "rgb(216, 216, 216)",
                "flex": 1,
                "shadowColor": "rgb(216, 216, 216)",
                "shadowOffset": Object {
                  "height": 0.5,
                  "width": 0,
                },
                "shadowOpacity": 0.85,
                "shadowRadius": 0,
              }
            }
          />
        </View>
        <View
          pointerEvents="box-none"
          style={
            Object {
              "height": 64,
              "maxHeight": undefined,
              "minHeight": undefined,
              "opacity": undefined,
              "transform": undefined,
            }
          }
        >
          <View
            pointerEvents="none"
            style={
              Object {
                "height": 20,
              }
            }
          />
          <View
            pointerEvents="box-none"
            style={
              Object {
                "alignItems": "center",
                "flex": 1,
                "flexDirection": "row",
                "justifyContent": "center",
              }
            }
          >
            <View
              pointerEvents="box-none"
              style={
                Object {
                  "marginHorizontal": 16,
                  "opacity": 1,
                }
              }
            >
              <Text
                accessibilityRole="header"
                aria-level="1"
                numberOfLines={1}
                onLayout={[Function]}
                style={
                  Object {
                    "color": "rgb(28, 28, 30)",
                    "fontSize": 17,
                    "fontWeight": "600",
                  }
                }
              >
                Settings
              </Text>
            </View>
          </View>
        </View>
      </View>
    </View>
    <View
      onLayout={[Function]}
      style={
        Object {
          "flex": 1,
        }
      }
    >
      <View
        pointerEvents="box-none"
        style={
          Object {
            "bottom": 0,
            "left": 0,
            "position": "absolute",
            "right": 0,
            "top": 0,
          }
        }
      >
        <View
          collapsable={false}
          style={
            Object {
              "opacity": 1,
            }
          }
        />
        <View
          accessibilityElementsHidden={false}
          closing={false}
          gestureVelocityImpact={0.3}
          importantForAccessibility="auto"
          onClose={[Function]}
          onGestureBegin={[Function]}
          onGestureCanceled={[Function]}
          onGestureEnd={[Function]}
          onOpen={[Function]}
          onTransition={[Function]}
          pointerEvents="box-none"
          style={
            Array [
              Object {
                "overflow": undefined,
              },
              Object {
                "bottom": 0,
                "left": 0,
                "position": "absolute",
                "right": 0,
                "top": 0,
              },
            ]
          }
          transitionSpec={
            Object {
              "close": Object {
                "animation": "spring",
                "config": Object {
                  "damping": 500,
                  "mass": 3,
                  "overshootClamping": true,
                  "restDisplacementThreshold": 10,
                  "restSpeedThreshold": 10,
                  "stiffness": 1000,
                },
              },
              "open": Object {
                "animation": "spring",
                "config": Object {
                  "damping": 500,
                  "mass": 3,
                  "overshootClamping": true,
                  "restDisplacementThreshold": 10,
                  "restSpeedThreshold": 10,
                  "stiffness": 1000,
                },
              },
            }
          }
        >
          <View
            needsOffscreenAlphaCompositing={false}
            pointerEvents="box-none"
            style={
              Object {
                "flex": 1,
              }
            }
          >
            <View
              enabled={false}
              hitSlop={
                Object {
                  "right": -700,
                }
              }
              maxDeltaY={20}
              minOffsetX={5}
              onHandlerStateChange={[Function]}
            >
              <View
                style={
                  Object {
                    "flex": 1,
                    "transform": Array [
                      Object {
                        "translateX": 0,
                      },
                      Object {
                        "translateX": 0,
                      },
                    ],
                  }
                }
              >
                <View
                  pointerEvents="none"
                  style={
                    Object {
                      "backgroundColor": "rgb(242, 242, 242)",
                      "bottom": 0,
                      "left": 0,
                      "position": "absolute",
                      "shadowColor": "#000",
                      "shadowOffset": Object {
                        "height": 1,
                        "width": -1,
                      },
                      "shadowOpacity": 0.3,
                      "shadowRadius": 5,
                      "top": 0,
                      "width": 3,
                    }
                  }
                />
                <View
                  style={
                    Array [
                      Object {
                        "flex": 1,
                        "overflow": "hidden",
                      },
                      Array [
                        Object {
                          "backgroundColor": "rgb(242, 242, 242)",
                        },
                        undefined,
                      ],
                    ]
                  }
                >
                  <View
                    style={
                      Object {
                        "flex": 1,
                        "flexDirection": "column-reverse",
                      }
                    }
                  >
                    <View
                      style={
                        Object {
                          "flex": 1,
                        }
                      }
                    >
                      <RCTScrollView>
                        <View>
                          <View>
                            <View
                              accessible={true}
                              focusable={true}
                              onClick={[Function]}
                              onResponderGrant={[Function]}
                              onResponderMove={[Function]}
                              onResponderRelease={[Function]}
                              onResponderTerminate={[Function]}
                              onResponderTerminationRequest={[Function]}
                              onStartShouldSetResponder={[Function]}
                              style={
                                Array [
                                  false,
                                  Array [
                                    Object {
                                      "padding": 8,
                                    },
                                    undefined,
                                  ],
                                ]
                              }
                            >
                              <View
                                style={
                                  Object {
                                    "flexDirection": "row",
                                  }
                                }
                              >
                                <View
                                  accessibilityRole="button"
                                  accessibilityState={
                                    Object {
                                      "disabled": undefined,
                                    }
                                  }
                                  accessible={true}
                                  focusable={true}
                                  hitSlop={
                                    Object {
                                      "bottom": 6,
                                      "left": 6,
                                      "right": 6,
                                      "top": 6,
                                    }
                                  }
                                  onClick={[Function]}
                                  onResponderGrant={[Function]}
                                  onResponderMove={[Function]}
                                  onResponderRelease={[Function]}
                                  onResponderTerminate={[Function]}
                                  onResponderTerminationRequest={[Function]}
                                  onStartShouldSetResponder={[Function]}
                                  style={
                                    Array [
                                      Object {
                                        "overflow": "hidden",
                                      },
                                      Array [
                                        Object {
                                          "alignItems": "center",
                                          "justifyContent": "center",
                                          "margin": 6,
                                          "overflow": "hidden",
                                        },
                                        Object {
                                          "borderRadius": 18,
                                          "height": 36,
                                          "width": 36,
                                        },
                                        undefined,
                                        Object {
                                          "marginLeft": 0,
                                          "marginRight": 16,
                                          "marginVertical": 0,
                                        },
                                      ],
                                    ]
                                  }
                                >
                                  <View>
                                    <Text />
                                  </View>
                                </View>
                                <View
                                  style={
                                    Array [
                                      Object {
                                        "marginVertical": 6,
                                        "paddingLeft": 8,
                                      },
                                      Object {
                                        "flex": 1,
                                        "justifyContent": "center",
                                      },
                                    ]
                                  }
                                >
                                  <Text
                                    numberOfLines={1}
                                    style={
                                      Array [
                                        Object {
                                          "color": "#000000",
                                          "fontFamily": "System",
                                          "fontWeight": "400",
                                          "textAlign": "left",
                                        },
                                        Array [
                                          Object {
                                            "fontSize": 16,
                                          },
                                          Object {
                                            "color": "rgba(0, 0, 0, 0.87)",
                                          },
                                          undefined,
                                        ],
                                      ]
                                    }
                                  >
                                    Dark Theme
                                  </Text>
                                </View>
                                <View
                                  accessibilityLiveRegion="polite"
                                  accessibilityRole="checkbox"
                                  accessibilityState={
                                    Object {
                                      "checked": true,
                                      "disabled": undefined,
                                    }
                                  }
                                  accessible={true}
                                  focusable={true}
                                  onClick={[Function]}
                                  onResponderGrant={[Function]}
                                  onResponderMove={[Function]}
                                  onResponderRelease={[Function]}
                                  onResponderTerminate={[Function]}
                                  onResponderTerminationRequest={[Function]}
                                  onStartShouldSetResponder={[Function]}
                                  style={
                                    Array [
                                      Object {
                                        "overflow": "hidden",
                                      },
                                      Object {
                                        "borderRadius": 18,
                                        "padding": 6,
                                      },
                                    ]
                                  }
                                >
                                  <View
                                    style={
                                      Object {
                                        "opacity": 1,
                                      }
                                    }
                                  >
                                    <Text />
                                  </View>
                                </View>
                              </View>
                            </View>
                          </View>
                          <View
                            style={
                              Array [
                                Object {
                                  "backgroundColor": "rgba(0, 0, 0, 0.12)",
                                  "height": 0.5,
                                },
                                undefined,
                                undefined,
                              ]
                            }
                          />
                          <View
                            accessible={true}
                            focusable={true}
                            onClick={[Function]}
                            onResponderGrant={[Function]}
                            onResponderMove={[Function]}
                            onResponderRelease={[Function]}
                            onResponderTerminate={[Function]}
                            onResponderTerminationRequest={[Function]}
                            onStartShouldSetResponder={[Function]}
                            style={
                              Array [
                                false,
                                Array [
                                  Object {
                                    "padding": 8,
                                  },
                                  undefined,
                                ],
                              ]
                            }
                          >
                            <View
                              style={
                                Object {
                                  "flexDirection": "row",
                                }
                              }
                            >
                              <View
                                accessibilityRole="button"
                                accessibilityState={
                                  Object {
                                    "disabled": undefined,
                                  }
                                }
                                accessible={true}
                                focusable={true}
                                hitSlop={
                                  Object {
                                    "bottom": 6,
                                    "left": 6,
                                    "right": 6,
                                    "top": 6,
                                  }
                                }
                                onClick={[Function]}
                                onResponderGrant={[Function]}
                                onResponderMove={[Function]}
                                onResponderRelease={[Function]}
                                onResponderTerminate={[Function]}
                                onResponderTerminationRequest={[Function]}
                                onStartShouldSetResponder={[Function]}
                                style={
                                  Array [
                                    Object {
                                      "overflow": "hidden",
                                    },
                                    Array [
                                      Object {
                                        "alignItems": "center",
                                        "justifyContent": "center",
                                        "margin": 6,
                                        "overflow": "hidden",
                                      },
                                      Object {
                                        "borderRadius": 18,
                                        "height": 36,
                                        "width": 36,
                                      },
                                      undefined,
                                      Object {
                                        "left": -5,
                                      },
                                    ],
                                  ]
                                }
                              >
                                <View>
                                  <Text />
                                </View>
                              </View>
                              <View
                                style={
                                  Array [
                                    Object {
                                      "marginVertical": 6,
                                      "paddingLeft": 8,
                                    },
                                    Object {
                                      "flex": 1,
                                      "justifyContent": "center",
                                    },
                                  ]
                                }
                              >
                                <Text
                                  numberOfLines={1}
                                  style={
                                    Array [
                                      Object {
                                        "color": "#000000",
                                        "fontFamily": "System",
                                        "fontWeight": "400",
                                        "textAlign": "left",
                                      },
                                      Array [
                                        Object {
                                          "fontSize": 16,
                                        },
                                        Object {
                                          "color": "rgba(0, 0, 0, 0.87)",
                                        },
                                        undefined,
                                      ],
                                    ]
                                  }
                                >
                                  Disclaimer
                                </Text>
                              </View>
                              <View
                                accessibilityRole="button"
                                accessibilityState={
                                  Object {
                                    "disabled": undefined,
                                  }
                                }
                                accessible={true}
                                focusable={true}
                                hitSlop={
                                  Object {
                                    "bottom": 6,
                                    "left": 6,
                                    "right": 6,
                                    "top": 6,
                                  }
                                }
                                onClick={[Function]}
                                onResponderGrant={[Function]}
                                onResponderMove={[Function]}
                                onResponderRelease={[Function]}
                                onResponderTerminate={[Function]}
                                onResponderTerminationRequest={[Function]}
                                onStartShouldSetResponder={[Function]}
                                style={
                                  Array [
                                    Object {
                                      "overflow": "hidden",
                                    },
                                    Array [
                                      Object {
                                        "alignItems": "center",
                                        "justifyContent": "center",
                                        "margin": 6,
                                        "overflow": "hidden",
                                      },
                                      Object {
                                        "borderRadius": 18,
                                        "height": 36,
                                        "width": 36,
                                      },
                                      undefined,
                                      Object {
                                        "right": -5,
                                      },
                                    ],
                                  ]
                                }
                              >
                                <View>
                                  <Text />
                                </View>
                              </View>
                            </View>
                          </View>
                          <View
                            style={
                              Array [
                                Object {
                                  "backgroundColor": "rgba(0, 0, 0, 0.12)",
                                  "height": 0.5,
                                },
                                undefined,
                                undefined,
                              ]
                            }
                          />
                          <View>
                            <View>
                              <View
                                accessibilityRole="button"
                                accessible={true}
                                focusable={true}
                                onClick={[Function]}
                                onResponderGrant={[Function]}
                                onResponderMove={[Function]}
                                onResponderRelease={[Function]}
                                onResponderTerminate={[Function]}
                                onResponderTerminationRequest={[Function]}
                                onStartShouldSetResponder={[Function]}
                                style={
                                  Array [
                                    false,
                                    Array [
                                      Object {
                                        "padding": 8,
                                      },
                                      undefined,
                                    ],
                                  ]
                                }
                              >
                                <View
                                  pointerEvents="none"
                                  style={
                                    Object {
                                      "alignItems": "center",
                                      "flexDirection": "row",
                                    }
                                  }
                                >
                                  <View
                                    pointerEvents="box-none"
                                    style={
                                      Array [
                                        Object {
                                          "alignItems": "center",
                                          "height": 40,
                                          "justifyContent": "center",
                                          "margin": 8,
                                          "width": 40,
                                        },
                                        Object {
                                          "left": -5,
                                        },
                                      ]
                                    }
                                  >
                                    <Text />
                                  </View>
                                  <View
                                    style={
                                      Array [
                                        Object {
                                          "margin": 8,
                                        },
                                        Object {
                                          "flex": 1,
                                          "justifyContent": "center",
                                        },
                                      ]
                                    }
                                  >
                                    <Text
                                      numberOfLines={1}
                                      style={
                                        Array [
                                          Object {
                                            "color": "#000000",
                                            "fontFamily": "System",
                                            "fontWeight": "400",
                                            "textAlign": "left",
                                          },
                                          Array [
                                            Object {
                                              "fontSize": 16,
                                            },
                                            Object {
                                              "color": "rgba(0, 0, 0, 0.87)",
                                            },
                                            undefined,
                                          ],
                                        ]
                                      }
                                    >
                                      Account
                                    </Text>
                                  </View>
                                  <View
                                    style={
                                      Array [
                                        Object {
                                          "margin": 8,
                                        },
                                        undefined,
                                      ]
                                    }
                                  >
                                    <Text />
                                  </View>
                                </View>
                              </View>
                            </View>
                          </View>
                          <View
                            style={
                              Array [
                                Object {
                                  "backgroundColor": "rgba(0, 0, 0, 0.12)",
                                  "height": 0.5,
                                },
                                undefined,
                                undefined,
                              ]
                            }
                          />
                          <View>
                            <View>
                              <View
                                accessibilityRole="button"
                                accessible={true}
                                focusable={true}
                                onClick={[Function]}
                                onResponderGrant={[Function]}
                                onResponderMove={[Function]}
                                onResponderRelease={[Function]}
                                onResponderTerminate={[Function]}
                                onResponderTerminationRequest={[Function]}
                                onStartShouldSetResponder={[Function]}
                                style={
                                  Array [
                                    false,
                                    Array [
                                      Object {
                                        "padding": 8,
                                      },
                                      undefined,
                                    ],
                                  ]
                                }
                              >
                                <View
                                  pointerEvents="none"
                                  style={
                                    Object {
                                      "alignItems": "center",
                                      "flexDirection": "row",
                                    }
                                  }
                                >
                                  <View
                                    pointerEvents="box-none"
                                    style={
                                      Array [
                                        Object {
                                          "alignItems": "center",
                                          "height": 40,
                                          "justifyContent": "center",
                                          "margin": 8,
                                          "width": 40,
                                        },
                                        Object {
                                          "left": -5,
                                        },
                                      ]
                                    }
                                  >
                                    <Text />
                                  </View>
                                  <View
                                    style={
                                      Array [
                                        Object {
                                          "margin": 8,
                                        },
                                        Object {
                                          "flex": 1,
                                          "justifyContent": "center",
                                        },
                                      ]
                                    }
                                  >
                                    <Text
                                      numberOfLines={1}
                                      style={
                                        Array [
                                          Object {
                                            "color": "#000000",
                                            "fontFamily": "System",
                                            "fontWeight": "400",
                                            "textAlign": "left",
                                          },
                                          Array [
                                            Object {
                                              "fontSize": 16,
                                            },
                                            Object {
                                              "color": "rgba(0, 0, 0, 0.87)",
                                            },
                                            undefined,
                                          ],
                                        ]
                                      }
                                    >
                                      Feedback
                                    </Text>
                                  </View>
                                  <View
                                    style={
                                      Array [
                                        Object {
                                          "margin": 8,
                                        },
                                        undefined,
                                      ]
                                    }
                                  >
                                    <Text />
                                  </View>
                                </View>
                              </View>
                            </View>
                          </View>
                          <View
                            style={
                              Array [
                                Object {
                                  "backgroundColor": "rgba(0, 0, 0, 0.12)",
                                  "height": 0.5,
                                },
                                undefined,
                                undefined,
                              ]
                            }
                          />
                        </View>
                      </RCTScrollView>
                    </View>
                  </View>
                </View>
              </View>
            </View>
          </View>
        </View>
      </View>
    </View>
  </RNCSafeAreaProvider>
</View>
`;
